\BOOKMARK [1][-]{section.1}{\376\377\000G\000e\000n\000e\000r\000i\000c\000\040\000M\000a\000t\000h\000e\000m\000a\000t\000i\000c\000a\000l\000\040\000T\000o\000o\000l\000s}{}% 1
\BOOKMARK [2][-]{subsection.1.1}{\376\377\000I\000n\000n\000e\000r\000\040\000P\000r\000o\000d\000u\000c\000t}{section.1}% 2
\BOOKMARK [2][-]{subsection.1.2}{\376\377\000C\000a\000r\000t\000e\000s\000i\000a\000n\000\040\000P\000r\000o\000d\000u\000c\000t}{section.1}% 3
\BOOKMARK [2][-]{subsection.1.3}{\376\377\000T\000e\000n\000s\000o\000r\000\040\000a\000n\000d\000\040\000O\000u\000t\000e\000r\000\040\000P\000r\000o\000d\000u\000c\000t}{section.1}% 4
\BOOKMARK [2][-]{subsection.1.4}{\376\377\000L\000a\000g\000r\000a\000n\000g\000i\000a\000n\000\040\000M\000u\000l\000t\000i\000p\000l\000i\000e\000r\000s}{section.1}% 5
\BOOKMARK [2][-]{subsection.1.5}{\376\377\000G\000r\000a\000d\000i\000e\000n\000t\000\040\000a\000n\000d\000\040\000J\000a\000c\000o\000b\000i\000a\000n}{section.1}% 6
\BOOKMARK [2][-]{subsection.1.6}{\376\377\000L\000e\000g\000e\000n\000d\000r\000e\000\040\000T\000r\000a\000n\000s\000f\000o\000r\000m}{section.1}% 7
\BOOKMARK [2][-]{subsection.1.7}{\376\377\000D\000i\000f\000f\000e\000r\000e\000n\000t\000i\000a\000l\000s}{section.1}% 8
\BOOKMARK [2][-]{subsection.1.8}{\376\377\000I\000n\000t\000e\000g\000r\000a\000l\000s}{section.1}% 9
\BOOKMARK [2][-]{subsection.1.9}{\376\377\000D\000i\000f\000f\000e\000r\000e\000n\000t\000i\000a\000l\000\040\000E\000q\000u\000a\000t\000i\000o\000n\000s}{section.1}% 10
\BOOKMARK [1][-]{section.2}{\376\377\000N\000e\000w\000t\000o\000n\000i\000a\000n\000\040\000M\000e\000c\000h\000a\000n\000i\000c\000s}{}% 11
\BOOKMARK [2][-]{subsection.2.1}{\376\377\000H\000o\000o\000k\000e\000'\000s\000\040\000L\000a\000w}{section.2}% 12
\BOOKMARK [1][-]{section.3}{\376\377\000L\000a\000g\000r\000a\000n\000g\000i\000a\000n\000\040\000M\000e\000c\000h\000a\000n\000i\000c\000s}{}% 13
\BOOKMARK [2][-]{subsection.3.1}{\376\377\000M\000a\000s\000s\000\040\000M\000a\000t\000r\000i\000x}{section.3}% 14
\BOOKMARK [2][-]{subsection.3.2}{\376\377\000L\000a\000g\000r\000a\000n\000g\000e\000'\000s\000\040\000E\000q\000u\000a\000t\000i\000o\000n\000s}{section.3}% 15
\BOOKMARK [1][-]{section.4}{\376\377\000H\000a\000m\000i\000l\000t\000o\000n\000i\000a\000n\000\040\000M\000e\000c\000h\000a\000n\000i\000c\000s}{}% 16
\BOOKMARK [2][-]{subsection.4.1}{\376\377\000P\000h\000a\000s\000e\000\040\000S\000p\000a\000c\000e}{section.4}% 17
\BOOKMARK [1][-]{section.5}{\376\377\000S\000t\000a\000t\000i\000s\000t\000i\000c\000a\000l\000\040\000M\000e\000c\000h\000a\000n\000i\000c\000s}{}% 18
\BOOKMARK [2][-]{subsection.5.1}{\376\377\000C\000a\000n\000o\000n\000i\000c\000a\000l\000\040\000E\000n\000s\000e\000m\000b\000l\000e}{section.5}% 19
\BOOKMARK [2][-]{subsection.5.2}{\376\377\000G\000r\000a\000n\000d\000\040\000C\000a\000n\000o\000n\000i\000c\000a\000l\000\040\000E\000n\000s\000e\000m\000b\000l\000e}{section.5}% 20
\BOOKMARK [1][-]{section.6}{\376\377\000F\000o\000u\000r\000i\000e\000r\000\040\000A\000n\000a\000l\000y\000s\000i\000s}{}% 21
\BOOKMARK [1][-]{section.7}{\376\377\000I\000n\000f\000o\000r\000m\000a\000t\000i\000o\000n\000\040\000T\000h\000e\000o\000r\000y}{}% 22
\BOOKMARK [1][-]{section.8}{\376\377\000G\000a\000m\000e\000\040\000T\000h\000e\000o\000r\000y}{}% 23
\BOOKMARK [2][-]{subsection.8.1}{\376\377\000S\000h\000a\000p\000l\000e\000y\000\040\000V\000a\000l\000u\000e}{section.8}% 24
\BOOKMARK [1][-]{section.9}{\376\377\000N\000e\000t\000w\000o\000r\000k\000\040\000T\000h\000e\000o\000r\000y}{}% 25
\BOOKMARK [2][-]{subsection.9.1}{\376\377\000T\000y\000p\000e\000s\000\040\000o\000f\000\040\000M\000a\000t\000r\000i\000x\000e\000s}{section.9}% 26
\BOOKMARK [2][-]{subsection.9.2}{\376\377\000T\000y\000p\000e\000s\000\040\000o\000f\000\040\000N\000e\000t\000w\000o\000r\000k\000s}{section.9}% 27
\BOOKMARK [2][-]{subsection.9.3}{\376\377\000C\000e\000n\000t\000r\000a\000l\000i\000t\000i\000e\000s}{section.9}% 28
\BOOKMARK [2][-]{subsection.9.4}{\376\377\000D\000i\000f\000f\000u\000s\000i\000o\000n\000\040\000o\000n\000\040\000G\000r\000a\000p\000h\000s\000\040\000\050\000a\000n\000a\000l\000y\000t\000i\000c\000a\000l\000\051}{section.9}% 29
\BOOKMARK [2][-]{subsection.9.5}{\376\377\000E\000x\000p\000e\000r\000i\000m\000e\000n\000t\000a\000l\000\040\000D\000i\000f\000f\000u\000s\000i\000o\000n}{section.9}% 30
\BOOKMARK [2][-]{subsection.9.6}{\376\377\000P\000a\000t\000h\000\040\000F\000i\000n\000d\000i\000n\000g}{section.9}% 31
\BOOKMARK [2][-]{subsection.9.7}{\376\377\000L\000i\000n\000k\000\040\000P\000r\000e\000d\000i\000c\000t\000i\000o\000n}{section.9}% 32
\BOOKMARK [1][-]{section.10}{\376\377\000M\000a\000r\000k\000o\000v\000\040\000P\000r\000o\000c\000e\000s\000s\000e\000s}{}% 33
\BOOKMARK [1][-]{section.11}{\376\377\000T\000i\000m\000e\000\040\000S\000e\000r\000i\000e\000s}{}% 34
\BOOKMARK [2][-]{subsection.11.1}{\376\377\000T\000h\000e\000o\000r\000e\000t\000i\000c\000a\000l\000\040\000D\000e\000s\000c\000r\000i\000p\000t\000i\000o\000n}{section.11}% 35
\BOOKMARK [2][-]{subsection.11.2}{\376\377\000T\000e\000c\000h\000n\000i\000c\000a\000l\000\040\000D\000i\000f\000f\000i\000c\000u\000l\000t\000i\000e\000s}{section.11}% 36
\BOOKMARK [2][-]{subsection.11.3}{\376\377\000A\000l\000g\000o\000r\000i\000t\000h\000m\000s}{section.11}% 37
\BOOKMARK [1][-]{section.12}{\376\377\000L\000i\000k\000e\000l\000i\000h\000o\000o\000d\000\040\000F\000u\000n\000c\000t\000i\000o\000n}{}% 38
\BOOKMARK [2][-]{subsection.12.1}{\376\377\000P\000r\000o\000b\000a\000b\000i\000l\000i\000t\000y\000\040\000F\000u\000n\000c\000t\000i\000o\000n\000s}{section.12}% 39
\BOOKMARK [2][-]{subsection.12.2}{\376\377\000M\000a\000x\000i\000m\000u\000m\000\040\000L\000i\000k\000e\000l\000i\000h\000o\000o\000d\000\040\000E\000s\000t\000i\000m\000a\000t\000i\000o\000n}{section.12}% 40
\BOOKMARK [1][-]{section.13}{\376\377\000P\000-\000V\000a\000l\000u\000e}{}% 41
\BOOKMARK [1][-]{section.14}{\376\377\000M\000o\000n\000t\000e\000\040\000C\000a\000r\000l\000o\000\040\000S\000i\000m\000u\000l\000a\000t\000i\000o\000n}{}% 42
\BOOKMARK [1][-]{section.15}{\376\377\000M\000a\000c\000h\000i\000n\000e\000\040\000L\000e\000a\000r\000n\000i\000n\000g\000\040\000T\000e\000c\000h\000n\000i\000q\000u\000e\000s}{}% 43
\BOOKMARK [2][-]{subsection.15.1}{\376\377\000K\000-\000M\000e\000a\000n\000\040\000C\000l\000u\000s\000t\000e\000r\000i\000n\000g}{section.15}% 44
\BOOKMARK [2][-]{subsection.15.2}{\376\377\000P\000r\000i\000n\000c\000i\000p\000a\000l\000\040\000C\000o\000m\000p\000o\000n\000e\000n\000t\000\040\000A\000n\000a\000l\000y\000s\000i\000s\000\040\000\050\000P\000C\000A\000\051}{section.15}% 45
\BOOKMARK [2][-]{subsection.15.3}{\376\377\000G\000r\000a\000d\000i\000e\000n\000t\000\040\000D\000e\000s\000c\000e\000n\000t}{section.15}% 46
\BOOKMARK [2][-]{subsection.15.4}{\376\377\000G\000r\000a\000d\000i\000e\000n\000t\000\040\000B\000o\000o\000s\000t\000i\000n\000g}{section.15}% 47
\BOOKMARK [2][-]{subsection.15.5}{\376\377\000S\000i\000m\000p\000l\000e\000\040\000N\000e\000u\000r\000a\000l\000\040\000N\000e\000t\000w\000o\000r\000k\000s}{section.15}% 48
\BOOKMARK [2][-]{subsection.15.6}{\376\377\000R\000e\000i\000n\000f\000o\000r\000c\000e\000m\000e\000n\000t\000\040\000L\000e\000a\000r\000n\000i\000n\000g}{section.15}% 49
\BOOKMARK [2][-]{subsection.15.7}{\376\377\000T\000r\000a\000n\000s\000f\000o\000r\000m\000e\000r\000s}{section.15}% 50
\BOOKMARK [1][-]{section.16}{\376\377\000R\000e\000l\000a\000t\000i\000v\000i\000t\000y}{}% 51
\BOOKMARK [1][-]{section.17}{\376\377\000Q\000u\000a\000n\000t\000u\000m\000\040\000M\000e\000c\000h\000a\000n\000i\000c\000s}{}% 52
\BOOKMARK [2][-]{subsection.17.1}{\376\377\000H\000i\000l\000b\000e\000r\000\040\000S\000p\000a\000c\000e}{section.17}% 53
\BOOKMARK [2][-]{subsection.17.2}{\376\377\000N\000o\000m\000e\000n\000c\000l\000a\000t\000u\000r\000e}{section.17}% 54
\BOOKMARK [2][-]{subsection.17.3}{\376\377\000S\000t\000a\000t\000e\000\040\000V\000e\000c\000t\000o\000r\000s\000,\000\040\000B\000a\000s\000i\000s\000\040\000a\000n\000d\000\040\000D\000e\000s\000c\000r\000i\000p\000t\000i\000o\000n\000s}{section.17}% 55
\BOOKMARK [2][-]{subsection.17.4}{\376\377\000D\000e\000f\000i\000n\000e\000\040\000O\000b\000s\000e\000r\000v\000a\000b\000l\000e\000\040\000O\000p\000e\000r\000a\000t\000o\000r\000s}{section.17}% 56
\BOOKMARK [3][-]{subsubsection.17.4.1}{\376\377\000C\000o\000m\000m\000u\000t\000a\000t\000o\000r}{subsection.17.4}% 57
\BOOKMARK [3][-]{subsubsection.17.4.2}{\376\377\000G\000e\000n\000e\000r\000a\000t\000i\000n\000g\000\040\000O\000b\000s\000e\000r\000v\000a\000b\000l\000e\000s}{subsection.17.4}% 58
\BOOKMARK [2][-]{subsection.17.5}{\376\377\000S\000c\000h\000r\000\366\000d\000i\000n\000g\000e\000r\000\040\000E\000q\000u\000a\000t\000i\000o\000n}{section.17}% 59
